# Logfile created on 2013-03-18 14:48:14 +0530 by logger.rb/31641
20
21
